=== 추적표: 값이 바뀔 때마다 "줄| 변수 = 값" 한 줄 (부름은 ->, 돌려줌은 <-) ===
   14| -> 팩토리얼(3)
    7|   -> 팩토리얼(2)
    7|     -> 팩토리얼(1)
    7|     <- 팩토리얼 = 1
    7|   <- 팩토리얼 = 2
   14| <- 팩토리얼 = 6
   14| 답 = 6
   15| 답 = 7
   16| 목록 = [10, 20]
   17| 목록 = [99, 20]
   18| 목록 = [99, 25]
   19| -> init(7)
   10|   init: self = 칸{"값": 7}
   19| <- init = 0
   19| 칸하나 = 칸{"값": 7}
   20| 칸하나 = 칸{"값": 8}
   21| -> 올리기(2)
   11|   올리기: self = 칸{"값": 10}
   21| <- 올리기 = 10
   22| 합 = 0
   23| i = 1
   23| 합 = 1
   23| i = 2
   23| 합 = 3
   24| 하나 = 99
   24| 합 = 102
   24| 하나 = 25
   24| 합 = 127
=== 추적 끝: 값이 28번 바뀌었습니다 ===
