=== 추적표: 값이 바뀔 때마다 "줄| 변수 = 값" 한 줄 (부름은 ->, 돌려줌은 <-) ===
    5| 큰것 = []
    6| i = 1
    6| i = 2
    6| i = 3
    6| i = 4
    6| i = 5
    6| i = 6
    6| i = 7
    6| i = 8
    6| i = 9
    6| i = 10
    6| i = 11
    6| i = 12
    6| i = 13
    6| i = 14
    6| i = 15
    6| i = 16
    6| i = 17
    6| i = 18
    6| i = 19
    6| i = 20
    6| i = 21
    6| i = 22
    6| i = 23
    6| i = 24
    6| i = 25
    6| i = 26
    6| i = 27
    6| i = 28
    6| i = 29
    6| i = 30
    6| i = 31
    7| 사본 = 리스트 (크기 31)
    8| 작은것 = [1, 2, 3]
    9| 작은사본 = [1, 2, 3]
   10| 순환 = [1]
   12| 본것 = (보여 줄 수 없는 구조)
   13| 긴글 = 가나다라마바사아자차카타파하가나다라마바사아자차카타파하가나다라마바사아자차카타파하가나다라마바사아자차카타파하가나다라 …
   14| 글사본 = 가나다라마바사아자차카타파하가나다라마바사아자차카타파하가나다라마바사아자차카타파하가나다라마바사아자차카타파하가나다라 …
=== 추적 끝: 값이 39번 바뀌었습니다 ===
